DATA_GATE PASS rows=75344 global_batch_size=8 steps_per_epoch=9418
Thu Sep  3 15:14:40 2026       
+-----------------------------------------------------------------------------------------+
| NVIDIA-SMI 580.173.02             Driver Version: 580.173.02     CUDA Version: 13.0     |
+-----------------------------------------+------------------------+----------------------+
| GPU  Name                 Persistence-M | Bus-Id          Disp.A | Volatile Uncorr. ECC |
| Fan  Temp   Perf          Pwr:Usage/Cap |           Memory-Usage | GPU-Util  Compute M. |
|                                         |                        |               MIG M. |
|=========================================+========================+======================|
|   0  NVIDIA GeForce RTX 5090        Off |   00000000:16:00.0 Off |                  N/A |
| 42%   37C    P8              3W /  575W |       2MiB /  32607MiB |      0%      Default |
|                                         |                        |                  N/A |
+-----------------------------------------+------------------------+----------------------+
|   1  NVIDIA GeForce RTX 5090        Off |   00000000:38:00.0 Off |                  N/A |
| 44%   44C    P8             17W /  575W |       2MiB /  32607MiB |      0%      Default |
|                                         |                        |                  N/A |
+-----------------------------------------+------------------------+----------------------+
|   2  NVIDIA GeForce RTX 5090        Off |   00000000:49:00.0 Off |                  N/A |
| 43%   43C    P8             16W /  575W |       2MiB /  32607MiB |      0%      Default |
|                                         |                        |                  N/A |
+-----------------------------------------+------------------------+----------------------+
|   3  NVIDIA GeForce RTX 5090        Off |   00000000:5A:00.0 Off |                  N/A |
| 43%   41C    P8             26W /  575W |       2MiB /  32607MiB |      0%      Default |
|                                         |                        |                  N/A |
+-----------------------------------------+------------------------+----------------------+

+-----------------------------------------------------------------------------------------+
| Processes:                                                                              |
|  GPU   GI   CI              PID   Type   Process name                        GPU Memory |
|        ID   ID                                                               Usage      |
|=========================================================================================|
|  No running processes found                                                             |
+-----------------------------------------------------------------------------------------+
SFT_STARTUP {"trl_version": "1.8.0", "transformers_version": "5.13.1", "peft_version": "0.19.1", "torch_version": "2.11.0+cu130", "train_columns": ["prompt", "completion"], "validation_columns": null, "train_samples": 75344, "validation_samples": 0, "max_seq_length": 4096, "completion_only_loss": true, "require_supervised_eos": true, "requested_packing": false, "requested_sampling_strategy": "auto", "effective_sampling_strategy": "trainer_default_without_replacement", "effective_packing": false, "distributed": {"world_size": 4, "rank": 0, "local_rank": 0, "is_main_process": true, "distributed_type": "DistributedType.MULTI_GPU", "device": "cuda:0"}, "global_batch_size": 8, "accelerate_even_batches": false, "packing_disabled_reason": null}
{'loss': '0.4331', 'grad_norm': '0.2383', 'learning_rate': '0.0001999', 'entropy': '0.4418', 'num_tokens': '2.652e+04', 'mean_token_accuracy': '0.8714', 'epoch': '0.001062'}
{'loss': '0.3583', 'grad_norm': '0.5977', 'learning_rate': '0.0001998', 'entropy': '0.368', 'num_tokens': '6.613e+04', 'mean_token_accuracy': '0.8922', 'epoch': '0.002124'}
{'loss': '0.329', 'grad_norm': '0.1621', 'learning_rate': '0.0001997', 'entropy': '0.331', 'num_tokens': '9.379e+04', 'mean_token_accuracy': '0.8989', 'epoch': '0.003185'}
{'loss': '0.2836', 'grad_norm': '0.2031', 'learning_rate': '0.0001996', 'entropy': '0.2928', 'num_tokens': '1.267e+05', 'mean_token_accuracy': '0.9037', 'epoch': '0.004247'}
{'loss': '0.3261', 'grad_norm': '0.1143', 'learning_rate': '0.0001995', 'entropy': '0.323', 'num_tokens': '1.637e+05', 'mean_token_accuracy': '0.8961', 'epoch': '0.005309'}
{'loss': '0.2775', 'grad_norm': '0.2969', 'learning_rate': '0.0001994', 'entropy': '0.2904', 'num_tokens': '2.001e+05', 'mean_token_accuracy': '0.9125', 'epoch': '0.006371'}
{'loss': '0.2724', 'grad_norm': '0.2246', 'learning_rate': '0.0001993', 'entropy': '0.2798', 'num_tokens': '2.299e+05', 'mean_token_accuracy': '0.9082', 'epoch': '0.007433'}
{'loss': '0.3337', 'grad_norm': '0.1445', 'learning_rate': '0.0001992', 'entropy': '0.321', 'num_tokens': '2.691e+05', 'mean_token_accuracy': '0.9028', 'epoch': '0.008494'}
{'loss': '0.2895', 'grad_norm': '0.249', 'learning_rate': '0.0001991', 'entropy': '0.2897', 'num_tokens': '3.016e+05', 'mean_token_accuracy': '0.9065', 'epoch': '0.009556'}
{'loss': '0.2924', 'grad_norm': '0.2031', 'learning_rate': '0.0001989', 'entropy': '0.2972', 'num_tokens': '3.353e+05', 'mean_token_accuracy': '0.9056', 'epoch': '0.01062'}
{'loss': '0.2872', 'grad_norm': '0.1826', 'learning_rate': '0.0001988', 'entropy': '0.288', 'num_tokens': '3.764e+05', 'mean_token_accuracy': '0.9067', 'epoch': '0.01168'}
{'loss': '0.2696', 'grad_norm': '0.252', 'learning_rate': '0.0001987', 'entropy': '0.2705', 'num_tokens': '4.148e+05', 'mean_token_accuracy': '0.9142', 'epoch': '0.01274'}
{'loss': '0.283', 'grad_norm': '0.166', 'learning_rate': '0.0001986', 'entropy': '0.2895', 'num_tokens': '4.475e+05', 'mean_token_accuracy': '0.9121', 'epoch': '0.0138'}
{'loss': '0.3212', 'grad_norm': '0.2139', 'learning_rate': '0.0001985', 'entropy': '0.3272', 'num_tokens': '4.783e+05', 'mean_token_accuracy': '0.8994', 'epoch': '0.01487'}
{'loss': '0.2789', 'grad_norm': '0.2168', 'learning_rate': '0.0001984', 'entropy': '0.299', 'num_tokens': '5.105e+05', 'mean_token_accuracy': '0.9061', 'epoch': '0.01593'}
{'loss': '0.2542', 'grad_norm': '0.1167', 'learning_rate': '0.0001983', 'entropy': '0.262', 'num_tokens': '5.517e+05', 'mean_token_accuracy': '0.9145', 'epoch': '0.01699'}
{'loss': '0.2967', 'grad_norm': '0.2559', 'learning_rate': '0.0001982', 'entropy': '0.2822', 'num_tokens': '5.826e+05', 'mean_token_accuracy': '0.9059', 'epoch': '0.01805'}
{'loss': '0.2944', 'grad_norm': '0.252', 'learning_rate': '0.0001981', 'entropy': '0.2873', 'num_tokens': '6.157e+05', 'mean_token_accuracy': '0.9116', 'epoch': '0.01911'}
{'loss': '0.2833', 'grad_norm': '0.2041', 'learning_rate': '0.000198', 'entropy': '0.3223', 'num_tokens': '6.511e+05', 'mean_token_accuracy': '0.9043', 'epoch': '0.02017'}
{'loss': '0.3067', 'grad_norm': '0.2246', 'learning_rate': '0.0001979', 'entropy': '0.2966', 'num_tokens': '6.832e+05', 'mean_token_accuracy': '0.9039', 'epoch': '0.02124'}
{'loss': '0.2287', 'grad_norm': '0.1592', 'learning_rate': '0.0001978', 'entropy': '0.2417', 'num_tokens': '7.186e+05', 'mean_token_accuracy': '0.9188', 'epoch': '0.0223'}
{'loss': '0.2316', 'grad_norm': '0.1709', 'learning_rate': '0.0001977', 'entropy': '0.2403', 'num_tokens': '7.562e+05', 'mean_token_accuracy': '0.9219', 'epoch': '0.02336'}
{'loss': '0.233', 'grad_norm': '0.1387', 'learning_rate': '0.0001976', 'entropy': '0.2797', 'num_tokens': '7.973e+05', 'mean_token_accuracy': '0.9122', 'epoch': '0.02442'}
{'loss': '0.2482', 'grad_norm': '0.2344', 'learning_rate': '0.0001975', 'entropy': '0.2439', 'num_tokens': '8.38e+05', 'mean_token_accuracy': '0.9145', 'epoch': '0.02548'}
{'loss': '0.3002', 'grad_norm': '0.1494', 'learning_rate': '0.0001974', 'entropy': '0.3055', 'num_tokens': '8.801e+05', 'mean_token_accuracy': '0.9071', 'epoch': '0.02654'}
{'loss': '0.2286', 'grad_norm': '0.1914', 'learning_rate': '0.0001972', 'entropy': '0.2711', 'num_tokens': '9.157e+05', 'mean_token_accuracy': '0.912', 'epoch': '0.02761'}
{'loss': '0.2687', 'grad_norm': '0.1582', 'learning_rate': '0.0001971', 'entropy': '0.2631', 'num_tokens': '9.535e+05', 'mean_token_accuracy': '0.9089', 'epoch': '0.02867'}
{'loss': '0.2823', 'grad_norm': '0.4082', 'learning_rate': '0.000197', 'entropy': '0.2844', 'num_tokens': '9.859e+05', 'mean_token_accuracy': '0.9139', 'epoch': '0.02973'}
{'loss': '0.3241', 'grad_norm': '0.2324', 'learning_rate': '0.0001969', 'entropy': '0.2932', 'num_tokens': '1.018e+06', 'mean_token_accuracy': '0.8994', 'epoch': '0.03079'}
{'loss': '0.2586', 'grad_norm': '0.1216', 'learning_rate': '0.0001968', 'entropy': '0.2745', 'num_tokens': '1.054e+06', 'mean_token_accuracy': '0.9136', 'epoch': '0.03185'}
{'loss': '0.2375', 'grad_norm': '0.2246', 'learning_rate': '0.0001967', 'entropy': '0.2759', 'num_tokens': '1.091e+06', 'mean_token_accuracy': '0.9084', 'epoch': '0.03292'}
{'loss': '0.2667', 'grad_norm': '0.1436', 'learning_rate': '0.0001966', 'entropy': '0.2583', 'num_tokens': '1.134e+06', 'mean_token_accuracy': '0.9151', 'epoch': '0.03398'}
{'loss': '0.2717', 'grad_norm': '0.3457', 'learning_rate': '0.0001965', 'entropy': '0.2693', 'num_tokens': '1.168e+06', 'mean_token_accuracy': '0.9169', 'epoch': '0.03504'}
{'loss': '0.2836', 'grad_norm': '0.1895', 'learning_rate': '0.0001964', 'entropy': '0.2749', 'num_tokens': '1.2e+06', 'mean_token_accuracy': '0.9118', 'epoch': '0.0361'}
{'loss': '0.2794', 'grad_norm': '0.25', 'learning_rate': '0.0001963', 'entropy': '0.2899', 'num_tokens': '1.237e+06', 'mean_token_accuracy': '0.9057', 'epoch': '0.03716'}
{'loss': '0.2422', 'grad_norm': '0.1738', 'learning_rate': '0.0001962', 'entropy': '0.2568', 'num_tokens': '1.273e+06', 'mean_token_accuracy': '0.9191', 'epoch': '0.03822'}
{'loss': '0.2883', 'grad_norm': '0.2246', 'learning_rate': '0.0001961', 'entropy': '0.2934', 'num_tokens': '1.317e+06', 'mean_token_accuracy': '0.9074', 'epoch': '0.03929'}
{'loss': '0.3411', 'grad_norm': '0.4004', 'learning_rate': '0.000196', 'entropy': '0.3494', 'num_tokens': '1.352e+06', 'mean_token_accuracy': '0.8936', 'epoch': '0.04035'}
{'loss': '0.225', 'grad_norm': '0.1245', 'learning_rate': '0.0001959', 'entropy': '0.2355', 'num_tokens': '1.395e+06', 'mean_token_accuracy': '0.9212', 'epoch': '0.04141'}
{'loss': '0.2826', 'grad_norm': '0.3086', 'learning_rate': '0.0001958', 'entropy': '0.2897', 'num_tokens': '1.43e+06', 'mean_token_accuracy': '0.9059', 'epoch': '0.04247'}
{'loss': '0.2807', 'grad_norm': '0.1455', 'learning_rate': '0.0001957', 'entropy': '0.2725', 'num_tokens': '1.459e+06', 'mean_token_accuracy': '0.9041', 'epoch': '0.04353'}
{'loss': '0.3087', 'grad_norm': '0.3184', 'learning_rate': '0.0001956', 'entropy': '0.3171', 'num_tokens': '1.491e+06', 'mean_token_accuracy': '0.902', 'epoch': '0.0446'}
{'loss': '0.2559', 'grad_norm': '0.1387', 'learning_rate': '0.0001954', 'entropy': '0.2429', 'num_tokens': '1.527e+06', 'mean_token_accuracy': '0.9185', 'epoch': '0.04566'}
{'loss': '0.2712', 'grad_norm': '0.2354', 'learning_rate': '0.0001953', 'entropy': '0.2675', 'num_tokens': '1.561e+06', 'mean_token_accuracy': '0.9145', 'epoch': '0.04672'}
{'loss': '0.3155', 'grad_norm': '0.2471', 'learning_rate': '0.0001952', 'entropy': '0.2866', 'num_tokens': '1.601e+06', 'mean_token_accuracy': '0.9092', 'epoch': '0.04778'}
{'loss': '0.2455', 'grad_norm': '0.3086', 'learning_rate': '0.0001951', 'entropy': '0.2606', 'num_tokens': '1.647e+06', 'mean_token_accuracy': '0.9145', 'epoch': '0.04884'}
{'loss': '0.2676', 'grad_norm': '0.252', 'learning_rate': '0.000195', 'entropy': '0.2936', 'num_tokens': '1.676e+06', 'mean_token_accuracy': '0.9059', 'epoch': '0.0499'}
{'loss': '0.2199', 'grad_norm': '0.5742', 'learning_rate': '0.0001949', 'entropy': '0.2108', 'num_tokens': '1.709e+06', 'mean_token_accuracy': '0.9312', 'epoch': '0.05097'}
{'loss': '0.2707', 'grad_norm': '0.25', 'learning_rate': '0.0001948', 'entropy': '0.281', 'num_tokens': '1.75e+06', 'mean_token_accuracy': '0.9083', 'epoch': '0.05203'}
{'loss': '0.2878', 'grad_norm': '0.3125', 'learning_rate': '0.0001947', 'entropy': '0.2835', 'num_tokens': '1.789e+06', 'mean_token_accuracy': '0.9118', 'epoch': '0.05309'}
{'loss': '0.2664', 'grad_norm': '0.4023', 'learning_rate': '0.0001946', 'entropy': '0.2798', 'num_tokens': '1.816e+06', 'mean_token_accuracy': '0.9122', 'epoch': '0.05415'}
{'loss': '0.2566', 'grad_norm': '0.2197', 'learning_rate': '0.0001945', 'entropy': '0.2535', 'num_tokens': '1.849e+06', 'mean_token_accuracy': '0.9161', 'epoch': '0.05521'}
{'loss': '0.2682', 'grad_norm': '0.1924', 'learning_rate': '0.0001944', 'entropy': '0.2636', 'num_tokens': '1.887e+06', 'mean_token_accuracy': '0.9096', 'epoch': '0.05628'}
{'loss': '0.2624', 'grad_norm': '0.2061', 'learning_rate': '0.0001943', 'entropy': '0.2617', 'num_tokens': '1.922e+06', 'mean_token_accuracy': '0.9188', 'epoch': '0.05734'}
{'loss': '0.2654', 'grad_norm': '0.165', 'learning_rate': '0.0001942', 'entropy': '0.2631', 'num_tokens': '1.962e+06', 'mean_token_accuracy': '0.9133', 'epoch': '0.0584'}
{'loss': '0.235', 'grad_norm': '0.2207', 'learning_rate': '0.0001941', 'entropy': '0.2591', 'num_tokens': '1.999e+06', 'mean_token_accuracy': '0.9171', 'epoch': '0.05946'}
{'loss': '0.2571', 'grad_norm': '0.2715', 'learning_rate': '0.000194', 'entropy': '0.237', 'num_tokens': '2.043e+06', 'mean_token_accuracy': '0.9193', 'epoch': '0.06052'}
{'loss': '0.2522', 'grad_norm': '0.2061', 'learning_rate': '0.0001939', 'entropy': '0.2586', 'num_tokens': '2.076e+06', 'mean_token_accuracy': '0.9177', 'epoch': '0.06158'}
{'loss': '0.2541', 'grad_norm': '0.2871', 'learning_rate': '0.0001937', 'entropy': '0.2747', 'num_tokens': '2.106e+06', 'mean_token_accuracy': '0.9155', 'epoch': '0.06265'}
{'loss': '0.2318', 'grad_norm': '0.3379', 'learning_rate': '0.0001936', 'entropy': '0.2343', 'num_tokens': '2.135e+06', 'mean_token_accuracy': '0.9179', 'epoch': '0.06371'}
{'loss': '0.2479', 'grad_norm': '0.1953', 'learning_rate': '0.0001935', 'entropy': '0.2483', 'num_tokens': '2.174e+06', 'mean_token_accuracy': '0.9182', 'epoch': '0.06477'}
{'loss': '0.241', 'grad_norm': '0.1729', 'learning_rate': '0.0001934', 'entropy': '0.2625', 'num_tokens': '2.208e+06', 'mean_token_accuracy': '0.914', 'epoch': '0.06583'}
{'loss': '0.2853', 'grad_norm': '0.3164', 'learning_rate': '0.0001933', 'entropy': '0.279', 'num_tokens': '2.236e+06', 'mean_token_accuracy': '0.9054', 'epoch': '0.06689'}
{'loss': '0.2431', 'grad_norm': '0.1641', 'learning_rate': '0.0001932', 'entropy': '0.2775', 'num_tokens': '2.271e+06', 'mean_token_accuracy': '0.9071', 'epoch': '0.06795'}
{'loss': '0.2482', 'grad_norm': '0.2002', 'learning_rate': '0.0001931', 'entropy': '0.2583', 'num_tokens': '2.301e+06', 'mean_token_accuracy': '0.9147', 'epoch': '0.06902'}
{'loss': '0.2343', 'grad_norm': '0.1992', 'learning_rate': '0.000193', 'entropy': '0.2367', 'num_tokens': '2.334e+06', 'mean_token_accuracy': '0.9199', 'epoch': '0.07008'}
{'loss': '0.2713', 'grad_norm': '0.1982', 'learning_rate': '0.0001929', 'entropy': '0.2698', 'num_tokens': '2.371e+06', 'mean_token_accuracy': '0.9172', 'epoch': '0.07114'}
{'loss': '0.2733', 'grad_norm': '0.2197', 'learning_rate': '0.0001928', 'entropy': '0.2785', 'num_tokens': '2.404e+06', 'mean_token_accuracy': '0.9115', 'epoch': '0.0722'}
{'loss': '0.2645', 'grad_norm': '0.167', 'learning_rate': '0.0001927', 'entropy': '0.2602', 'num_tokens': '2.442e+06', 'mean_token_accuracy': '0.9143', 'epoch': '0.07326'}
{'loss': '0.2229', 'grad_norm': '0.2949', 'learning_rate': '0.0001926', 'entropy': '0.2519', 'num_tokens': '2.481e+06', 'mean_token_accuracy': '0.9218', 'epoch': '0.07433'}
{'loss': '0.2948', 'grad_norm': '0.1885', 'learning_rate': '0.0001925', 'entropy': '0.2935', 'num_tokens': '2.513e+06', 'mean_token_accuracy': '0.9061', 'epoch': '0.07539'}
{'loss': '0.2375', 'grad_norm': '0.1816', 'learning_rate': '0.0001924', 'entropy': '0.2417', 'num_tokens': '2.544e+06', 'mean_token_accuracy': '0.923', 'epoch': '0.07645'}
{'loss': '0.1911', 'grad_norm': '0.2334', 'learning_rate': '0.0001923', 'entropy': '0.1931', 'num_tokens': '2.58e+06', 'mean_token_accuracy': '0.9386', 'epoch': '0.07751'}
{'loss': '0.2682', 'grad_norm': '0.4883', 'learning_rate': '0.0001922', 'entropy': '0.2708', 'num_tokens': '2.611e+06', 'mean_token_accuracy': '0.911', 'epoch': '0.07857'}
{'loss': '0.2543', 'grad_norm': '0.1484', 'learning_rate': '0.000192', 'entropy': '0.2598', 'num_tokens': '2.652e+06', 'mean_token_accuracy': '0.9149', 'epoch': '0.07963'}
{'loss': '0.2492', 'grad_norm': '0.2344', 'learning_rate': '0.0001919', 'entropy': '0.2557', 'num_tokens': '2.69e+06', 'mean_token_accuracy': '0.9178', 'epoch': '0.0807'}
{'loss': '0.2231', 'grad_norm': '0.1562', 'learning_rate': '0.0001918', 'entropy': '0.2338', 'num_tokens': '2.727e+06', 'mean_token_accuracy': '0.9218', 'epoch': '0.08176'}
{'loss': '0.2218', 'grad_norm': '0.1436', 'learning_rate': '0.0001917', 'entropy': '0.232', 'num_tokens': '2.761e+06', 'mean_token_accuracy': '0.9233', 'epoch': '0.08282'}
{'loss': '0.2934', 'grad_norm': '0.1777', 'learning_rate': '0.0001916', 'entropy': '0.3007', 'num_tokens': '2.79e+06', 'mean_token_accuracy': '0.9059', 'epoch': '0.08388'}
{'loss': '0.2601', 'grad_norm': '0.2695', 'learning_rate': '0.0001915', 'entropy': '0.2627', 'num_tokens': '2.822e+06', 'mean_token_accuracy': '0.9153', 'epoch': '0.08494'}
{'loss': '0.2324', 'grad_norm': '0.3008', 'learning_rate': '0.0001914', 'entropy': '0.2468', 'num_tokens': '2.856e+06', 'mean_token_accuracy': '0.9183', 'epoch': '0.08601'}
{'loss': '0.2354', 'grad_norm': '0.2363', 'learning_rate': '0.0001913', 'entropy': '0.2536', 'num_tokens': '2.892e+06', 'mean_token_accuracy': '0.9196', 'epoch': '0.08707'}
{'loss': '0.2284', 'grad_norm': '0.1572', 'learning_rate': '0.0001912', 'entropy': '0.2386', 'num_tokens': '2.925e+06', 'mean_token_accuracy': '0.9213', 'epoch': '0.08813'}
{'loss': '0.243', 'grad_norm': '0.4277', 'learning_rate': '0.0001911', 'entropy': '0.2269', 'num_tokens': '2.955e+06', 'mean_token_accuracy': '0.9227', 'epoch': '0.08919'}
{'loss': '0.2529', 'grad_norm': '0.2793', 'learning_rate': '0.000191', 'entropy': '0.2516', 'num_tokens': '2.991e+06', 'mean_token_accuracy': '0.9213', 'epoch': '0.09025'}
{'loss': '0.2764', 'grad_norm': '0.1396', 'learning_rate': '0.0001909', 'entropy': '0.2785', 'num_tokens': '3.027e+06', 'mean_token_accuracy': '0.9052', 'epoch': '0.09131'}
{'loss': '0.235', 'grad_norm': '0.2041', 'learning_rate': '0.0001908', 'entropy': '0.2499', 'num_tokens': '3.057e+06', 'mean_token_accuracy': '0.9246', 'epoch': '0.09238'}
{'loss': '0.2279', 'grad_norm': '0.1787', 'learning_rate': '0.0001907', 'entropy': '0.2234', 'num_tokens': '3.089e+06', 'mean_token_accuracy': '0.9269', 'epoch': '0.09344'}
{'loss': '0.2199', 'grad_norm': '0.1709', 'learning_rate': '0.0001906', 'entropy': '0.2191', 'num_tokens': '3.126e+06', 'mean_token_accuracy': '0.9297', 'epoch': '0.0945'}
{'loss': '0.2172', 'grad_norm': '0.2734', 'learning_rate': '0.0001905', 'entropy': '0.2396', 'num_tokens': '3.16e+06', 'mean_token_accuracy': '0.9192', 'epoch': '0.09556'}
{'loss': '0.2121', 'grad_norm': '0.2949', 'learning_rate': '0.0001903', 'entropy': '0.2098', 'num_tokens': '3.195e+06', 'mean_token_accuracy': '0.9311', 'epoch': '0.09662'}
{'loss': '0.2382', 'grad_norm': '0.1416', 'learning_rate': '0.0001902', 'entropy': '0.2285', 'num_tokens': '3.226e+06', 'mean_token_accuracy': '0.922', 'epoch': '0.09769'}
{'loss': '0.2605', 'grad_norm': '0.5781', 'learning_rate': '0.0001901', 'entropy': '0.2651', 'num_tokens': '3.267e+06', 'mean_token_accuracy': '0.9134', 'epoch': '0.09875'}
{'loss': '0.2346', 'grad_norm': '0.2402', 'learning_rate': '0.00019', 'entropy': '0.2338', 'num_tokens': '3.309e+06', 'mean_token_accuracy': '0.9246', 'epoch': '0.09981'}
{'loss': '0.2146', 'grad_norm': '0.165', 'learning_rate': '0.0001899', 'entropy': '0.2229', 'num_tokens': '3.349e+06', 'mean_token_accuracy': '0.925', 'epoch': '0.1009'}
{'loss': '0.2624', 'grad_norm': '0.4258', 'learning_rate': '0.0001898', 'entropy': '0.2544', 'num_tokens': '3.379e+06', 'mean_token_accuracy': '0.9176', 'epoch': '0.1019'}
{'loss': '0.2303', 'grad_norm': '0.2539', 'learning_rate': '0.0001897', 'entropy': '0.2503', 'num_tokens': '3.412e+06', 'mean_token_accuracy': '0.9196', 'epoch': '0.103'}
{'loss': '0.2413', 'grad_norm': '0.1719', 'learning_rate': '0.0001896', 'entropy': '0.2376', 'num_tokens': '3.455e+06', 'mean_token_accuracy': '0.9209', 'epoch': '0.1041'}
{'loss': '0.2255', 'grad_norm': '0.1816', 'learning_rate': '0.0001895', 'entropy': '0.2504', 'num_tokens': '3.483e+06', 'mean_token_accuracy': '0.9201', 'epoch': '0.1051'}
{'loss': '0.2465', 'grad_norm': '0.3867', 'learning_rate': '0.0001894', 'entropy': '0.2621', 'num_tokens': '3.52e+06', 'mean_token_accuracy': '0.9121', 'epoch': '0.1062'}
{'loss': '0.2398', 'grad_norm': '0.2871', 'learning_rate': '0.0001893', 'entropy': '0.2555', 'num_tokens': '3.555e+06', 'mean_token_accuracy': '0.9198', 'epoch': '0.1072'}
{'loss': '0.2307', 'grad_norm': '0.3633', 'learning_rate': '0.0001892', 'entropy': '0.2311', 'num_tokens': '3.588e+06', 'mean_token_accuracy': '0.9242', 'epoch': '0.1083'}
{'loss': '0.2955', 'grad_norm': '0.2471', 'learning_rate': '0.0001891', 'entropy': '0.2778', 'num_tokens': '3.62e+06', 'mean_token_accuracy': '0.9081', 'epoch': '0.1094'}
{'loss': '0.2246', 'grad_norm': '0.1553', 'learning_rate': '0.000189', 'entropy': '0.2412', 'num_tokens': '3.649e+06', 'mean_token_accuracy': '0.9212', 'epoch': '0.1104'}
{'loss': '0.2451', 'grad_norm': '0.2676', 'learning_rate': '0.0001889', 'entropy': '0.2587', 'num_tokens': '3.683e+06', 'mean_token_accuracy': '0.9182', 'epoch': '0.1115'}
{'loss': '0.3108', 'grad_norm': '0.1816', 'learning_rate': '0.0001888', 'entropy': '0.2791', 'num_tokens': '3.726e+06', 'mean_token_accuracy': '0.9121', 'epoch': '0.1126'}
{'loss': '0.2569', 'grad_norm': '0.2119', 'learning_rate': '0.0001886', 'entropy': '0.244', 'num_tokens': '3.759e+06', 'mean_token_accuracy': '0.9235', 'epoch': '0.1136'}
{'loss': '0.2651', 'grad_norm': '0.4141', 'learning_rate': '0.0001885', 'entropy': '0.2469', 'num_tokens': '3.79e+06', 'mean_token_accuracy': '0.9194', 'epoch': '0.1147'}
{'loss': '0.2743', 'grad_norm': '0.1768', 'learning_rate': '0.0001884', 'entropy': '0.2516', 'num_tokens': '3.836e+06', 'mean_token_accuracy': '0.9219', 'epoch': '0.1157'}
{'loss': '0.2938', 'grad_norm': '0.2402', 'learning_rate': '0.0001883', 'entropy': '0.2774', 'num_tokens': '3.871e+06', 'mean_token_accuracy': '0.911', 'epoch': '0.1168'}
{'loss': '0.263', 'grad_norm': '0.4082', 'learning_rate': '0.0001882', 'entropy': '0.28', 'num_tokens': '3.905e+06', 'mean_token_accuracy': '0.9095', 'epoch': '0.1179'}
{'loss': '0.2253', 'grad_norm': '0.3262', 'learning_rate': '0.0001881', 'entropy': '0.2348', 'num_tokens': '3.937e+06', 'mean_token_accuracy': '0.9243', 'epoch': '0.1189'}
{'loss': '0.2506', 'grad_norm': '0.4648', 'learning_rate': '0.000188', 'entropy': '0.2672', 'num_tokens': '3.968e+06', 'mean_token_accuracy': '0.9123', 'epoch': '0.12'}
{'loss': '0.2143', 'grad_norm': '0.208', 'learning_rate': '0.0001879', 'entropy': '0.2109', 'num_tokens': '4.006e+06', 'mean_token_accuracy': '0.9243', 'epoch': '0.121'}
{'loss': '0.2568', 'grad_norm': '0.2363', 'learning_rate': '0.0001878', 'entropy': '0.2532', 'num_tokens': '4.042e+06', 'mean_token_accuracy': '0.9218', 'epoch': '0.1221'}
{'loss': '0.2612', 'grad_norm': '0.2002', 'learning_rate': '0.0001877', 'entropy': '0.2407', 'num_tokens': '4.083e+06', 'mean_token_accuracy': '0.9255', 'epoch': '0.1232'}
{'loss': '0.2768', 'grad_norm': '0.5312', 'learning_rate': '0.0001876', 'entropy': '0.277', 'num_tokens': '4.121e+06', 'mean_token_accuracy': '0.9118', 'epoch': '0.1242'}
{'loss': '0.2213', 'grad_norm': '0.2266', 'learning_rate': '0.0001875', 'entropy': '0.2346', 'num_tokens': '4.143e+06', 'mean_token_accuracy': '0.9236', 'epoch': '0.1253'}
{'loss': '0.2654', 'grad_norm': '0.2891', 'learning_rate': '0.0001874', 'entropy': '0.2562', 'num_tokens': '4.172e+06', 'mean_token_accuracy': '0.9151', 'epoch': '0.1264'}
{'loss': '0.2719', 'grad_norm': '0.1377', 'learning_rate': '0.0001873', 'entropy': '0.2592', 'num_tokens': '4.209e+06', 'mean_token_accuracy': '0.9148', 'epoch': '0.1274'}
{'loss': '0.2461', 'grad_norm': '0.2314', 'learning_rate': '0.0001872', 'entropy': '0.2642', 'num_tokens': '4.246e+06', 'mean_token_accuracy': '0.9129', 'epoch': '0.1285'}
{'loss': '0.2483', 'grad_norm': '0.2285', 'learning_rate': '0.0001871', 'entropy': '0.2807', 'num_tokens': '4.28e+06', 'mean_token_accuracy': '0.9125', 'epoch': '0.1295'}
{'loss': '0.22', 'grad_norm': '0.1572', 'learning_rate': '0.000187', 'entropy': '0.2065', 'num_tokens': '4.315e+06', 'mean_token_accuracy': '0.929', 'epoch': '0.1306'}
{'loss': '0.2557', 'grad_norm': '0.1914', 'learning_rate': '0.0001868', 'entropy': '0.2396', 'num_tokens': '4.352e+06', 'mean_token_accuracy': '0.9217', 'epoch': '0.1317'}
{'loss': '0.2387', 'grad_norm': '0.2031', 'learning_rate': '0.0001867', 'entropy': '0.2358', 'num_tokens': '4.398e+06', 'mean_token_accuracy': '0.9227', 'epoch': '0.1327'}
{'loss': '0.2021', 'grad_norm': '0.2285', 'learning_rate': '0.0001866', 'entropy': '0.2107', 'num_tokens': '4.432e+06', 'mean_token_accuracy': '0.9319', 'epoch': '0.1338'}
{'loss': '0.1972', 'grad_norm': '0.5273', 'learning_rate': '0.0001865', 'entropy': '0.2122', 'num_tokens': '4.465e+06', 'mean_token_accuracy': '0.9322', 'epoch': '0.1348'}
{'loss': '0.2341', 'grad_norm': '0.2031', 'learning_rate': '0.0001864', 'entropy': '0.2349', 'num_tokens': '4.498e+06', 'mean_token_accuracy': '0.922', 'epoch': '0.1359'}
{'loss': '0.2224', 'grad_norm': '0.1709', 'learning_rate': '0.0001863', 'entropy': '0.2654', 'num_tokens': '4.538e+06', 'mean_token_accuracy': '0.9175', 'epoch': '0.137'}
{'loss': '0.2692', 'grad_norm': '0.4902', 'learning_rate': '0.0001862', 'entropy': '0.2618', 'num_tokens': '4.57e+06', 'mean_token_accuracy': '0.9146', 'epoch': '0.138'}
{'loss': '0.2485', 'grad_norm': '0.2168', 'learning_rate': '0.0001861', 'entropy': '0.2328', 'num_tokens': '4.6e+06', 'mean_token_accuracy': '0.9236', 'epoch': '0.1391'}
{'loss': '0.2094', 'grad_norm': '0.3066', 'learning_rate': '0.000186', 'entropy': '0.2285', 'num_tokens': '4.632e+06', 'mean_token_accuracy': '0.9266', 'epoch': '0.1402'}
{'loss': '0.336', 'grad_norm': '0.3262', 'learning_rate': '0.0001859', 'entropy': '0.3173', 'num_tokens': '4.663e+06', 'mean_token_accuracy': '0.8958', 'epoch': '0.1412'}
{'loss': '0.2204', 'grad_norm': '0.1768', 'learning_rate': '0.0001858', 'entropy': '0.2397', 'num_tokens': '4.702e+06', 'mean_token_accuracy': '0.9246', 'epoch': '0.1423'}
{'loss': '0.2582', 'grad_norm': '0.1426', 'learning_rate': '0.0001857', 'entropy': '0.2449', 'num_tokens': '4.739e+06', 'mean_token_accuracy': '0.9208', 'epoch': '0.1433'}
{'loss': '0.204', 'grad_norm': '0.1855', 'learning_rate': '0.0001856', 'entropy': '0.2241', 'num_tokens': '4.773e+06', 'mean_token_accuracy': '0.93', 'epoch': '0.1444'}
{'loss': '0.2168', 'grad_norm': '0.1748', 'learning_rate': '0.0001855', 'entropy': '0.213', 'num_tokens': '4.804e+06', 'mean_token_accuracy': '0.9306', 'epoch': '0.1455'}
{'loss': '0.2375', 'grad_norm': '0.1836', 'learning_rate': '0.0001854', 'entropy': '0.2337', 'num_tokens': '4.839e+06', 'mean_token_accuracy': '0.9226', 'epoch': '0.1465'}
{'loss': '0.3073', 'grad_norm': '0.3477', 'learning_rate': '0.0001853', 'entropy': '0.3136', 'num_tokens': '4.879e+06', 'mean_token_accuracy': '0.9001', 'epoch': '0.1476'}
{'loss': '0.1949', 'grad_norm': '0.1543', 'learning_rate': '0.0001851', 'entropy': '0.2079', 'num_tokens': '4.913e+06', 'mean_token_accuracy': '0.9323', 'epoch': '0.1487'}
{'loss': '0.2455', 'grad_norm': '0.1865', 'learning_rate': '0.000185', 'entropy': '0.2485', 'num_tokens': '4.951e+06', 'mean_token_accuracy': '0.9181', 'epoch': '0.1497'}
{'loss': '0.2513', 'grad_norm': '0.2275', 'learning_rate': '0.0001849', 'entropy': '0.2462', 'num_tokens': '4.995e+06', 'mean_token_accuracy': '0.9189', 'epoch': '0.1508'}
{'loss': '0.2167', 'grad_norm': '0.1973', 'learning_rate': '0.0001848', 'entropy': '0.2285', 'num_tokens': '5.03e+06', 'mean_token_accuracy': '0.9257', 'epoch': '0.1518'}
{'loss': '0.2331', 'grad_norm': '0.1387', 'learning_rate': '0.0001847', 'entropy': '0.2212', 'num_tokens': '5.064e+06', 'mean_token_accuracy': '0.9266', 'epoch': '0.1529'}
{'loss': '0.2412', 'grad_norm': '0.2041', 'learning_rate': '0.0001846', 'entropy': '0.256', 'num_tokens': '5.098e+06', 'mean_token_accuracy': '0.922', 'epoch': '0.154'}
{'loss': '0.2279', 'grad_norm': '0.2617', 'learning_rate': '0.0001845', 'entropy': '0.2148', 'num_tokens': '5.132e+06', 'mean_token_accuracy': '0.9264', 'epoch': '0.155'}
{'loss': '0.2265', 'grad_norm': '0.1963', 'learning_rate': '0.0001844', 'entropy': '0.2279', 'num_tokens': '5.167e+06', 'mean_token_accuracy': '0.9241', 'epoch': '0.1561'}
{'loss': '0.2357', 'grad_norm': '0.3242', 'learning_rate': '0.0001843', 'entropy': '0.2557', 'num_tokens': '5.204e+06', 'mean_token_accuracy': '0.9177', 'epoch': '0.1571'}
{'loss': '0.2197', 'grad_norm': '0.3633', 'learning_rate': '0.0001842', 'entropy': '0.2253', 'num_tokens': '5.236e+06', 'mean_token_accuracy': '0.9287', 'epoch': '0.1582'}
{'loss': '0.2748', 'grad_norm': '0.167', 'learning_rate': '0.0001841', 'entropy': '0.2707', 'num_tokens': '5.273e+06', 'mean_token_accuracy': '0.91', 'epoch': '0.1593'}
{'loss': '0.2195', 'grad_norm': '0.2109', 'learning_rate': '0.000184', 'entropy': '0.2192', 'num_tokens': '5.306e+06', 'mean_token_accuracy': '0.931', 'epoch': '0.1603'}
{'loss': '0.2629', 'grad_norm': '0.2852', 'learning_rate': '0.0001839', 'entropy': '0.2478', 'num_tokens': '5.338e+06', 'mean_token_accuracy': '0.9162', 'epoch': '0.1614'}
{'loss': '0.1852', 'grad_norm': '0.2559', 'learning_rate': '0.0001838', 'entropy': '0.1915', 'num_tokens': '5.368e+06', 'mean_token_accuracy': '0.9418', 'epoch': '0.1625'}
{'loss': '0.2535', 'grad_norm': '0.1484', 'learning_rate': '0.0001837', 'entropy': '0.2281', 'num_tokens': '5.403e+06', 'mean_token_accuracy': '0.9182', 'epoch': '0.1635'}
{'loss': '0.2108', 'grad_norm': '0.3164', 'learning_rate': '0.0001836', 'entropy': '0.2184', 'num_tokens': '5.441e+06', 'mean_token_accuracy': '0.9306', 'epoch': '0.1646'}
{'loss': '0.2417', 'grad_norm': '0.2812', 'learning_rate': '0.0001834', 'entropy': '0.2324', 'num_tokens': '5.48e+06', 'mean_token_accuracy': '0.9239', 'epoch': '0.1656'}
{'loss': '0.226', 'grad_norm': '0.1963', 'learning_rate': '0.0001833', 'entropy': '0.25', 'num_tokens': '5.516e+06', 'mean_token_accuracy': '0.9199', 'epoch': '0.1667'}
{'loss': '0.2226', 'grad_norm': '0.1699', 'learning_rate': '0.0001832', 'entropy': '0.2262', 'num_tokens': '5.555e+06', 'mean_token_accuracy': '0.9259', 'epoch': '0.1678'}
{'loss': '0.2013', 'grad_norm': '0.1045', 'learning_rate': '0.0001831', 'entropy': '0.1969', 'num_tokens': '5.6e+06', 'mean_token_accuracy': '0.9366', 'epoch': '0.1688'}
{'loss': '0.253', 'grad_norm': '0.1787', 'learning_rate': '0.000183', 'entropy': '0.2487', 'num_tokens': '5.63e+06', 'mean_token_accuracy': '0.9192', 'epoch': '0.1699'}
{'loss': '0.2295', 'grad_norm': '0.2246', 'learning_rate': '0.0001829', 'entropy': '0.2403', 'num_tokens': '5.659e+06', 'mean_token_accuracy': '0.9209', 'epoch': '0.1709'}
{'loss': '0.2296', 'grad_norm': '0.2012', 'learning_rate': '0.0001828', 'entropy': '0.2317', 'num_tokens': '5.694e+06', 'mean_token_accuracy': '0.9238', 'epoch': '0.172'}
{'loss': '0.2625', 'grad_norm': '0.291', 'learning_rate': '0.0001827', 'entropy': '0.2463', 'num_tokens': '5.727e+06', 'mean_token_accuracy': '0.9247', 'epoch': '0.1731'}
{'loss': '0.2443', 'grad_norm': '0.1553', 'learning_rate': '0.0001826', 'entropy': '0.232', 'num_tokens': '5.764e+06', 'mean_token_accuracy': '0.9221', 'epoch': '0.1741'}
{'loss': '0.2398', 'grad_norm': '0.1396', 'learning_rate': '0.0001825', 'entropy': '0.2412', 'num_tokens': '5.802e+06', 'mean_token_accuracy': '0.92', 'epoch': '0.1752'}
{'loss': '0.1985', 'grad_norm': '0.1562', 'learning_rate': '0.0001824', 'entropy': '0.2235', 'num_tokens': '5.833e+06', 'mean_token_accuracy': '0.9253', 'epoch': '0.1763'}
{'loss': '0.2768', 'grad_norm': '0.1973', 'learning_rate': '0.0001823', 'entropy': '0.266', 'num_tokens': '5.864e+06', 'mean_token_accuracy': '0.9095', 'epoch': '0.1773'}
{'loss': '0.2284', 'grad_norm': '0.4355', 'learning_rate': '0.0001822', 'entropy': '0.2499', 'num_tokens': '5.896e+06', 'mean_token_accuracy': '0.9225', 'epoch': '0.1784'}
{'loss': '0.2469', 'grad_norm': '0.2266', 'learning_rate': '0.0001821', 'entropy': '0.2406', 'num_tokens': '5.933e+06', 'mean_token_accuracy': '0.9209', 'epoch': '0.1794'}
{'loss': '0.2267', 'grad_norm': '0.3652', 'learning_rate': '0.000182', 'entropy': '0.2167', 'num_tokens': '5.967e+06', 'mean_token_accuracy': '0.9279', 'epoch': '0.1805'}
{'loss': '0.2517', 'grad_norm': '0.2324', 'learning_rate': '0.0001819', 'entropy': '0.2145', 'num_tokens': '5.998e+06', 'mean_token_accuracy': '0.9311', 'epoch': '0.1816'}
{'loss': '0.3377', 'grad_norm': '0.3496', 'learning_rate': '0.0001817', 'entropy': '0.314', 'num_tokens': '6.034e+06', 'mean_token_accuracy': '0.8982', 'epoch': '0.1826'}
{'loss': '0.1885', 'grad_norm': '0.2236', 'learning_rate': '0.0001816', 'entropy': '0.1973', 'num_tokens': '6.067e+06', 'mean_token_accuracy': '0.9398', 'epoch': '0.1837'}
{'loss': '0.1922', 'grad_norm': '0.2227', 'learning_rate': '0.0001815', 'entropy': '0.1995', 'num_tokens': '6.098e+06', 'mean_token_accuracy': '0.9337', 'epoch': '0.1848'}
{'loss': '0.2487', 'grad_norm': '0.2012', 'learning_rate': '0.0001814', 'entropy': '0.246', 'num_tokens': '6.138e+06', 'mean_token_accuracy': '0.9173', 'epoch': '0.1858'}
{'loss': '0.2826', 'grad_norm': '0.2891', 'learning_rate': '0.0001813', 'entropy': '0.2908', 'num_tokens': '6.165e+06', 'mean_token_accuracy': '0.9097', 'epoch': '0.1869'}
{'loss': '0.2392', 'grad_norm': '0.3887', 'learning_rate': '0.0001812', 'entropy': '0.2329', 'num_tokens': '6.2e+06', 'mean_token_accuracy': '0.9198', 'epoch': '0.1879'}
{'loss': '0.2391', 'grad_norm': '0.2676', 'learning_rate': '0.0001811', 'entropy': '0.2446', 'num_tokens': '6.234e+06', 'mean_token_accuracy': '0.9182', 'epoch': '0.189'}
{'loss': '0.2725', 'grad_norm': '0.5625', 'learning_rate': '0.000181', 'entropy': '0.2384', 'num_tokens': '6.264e+06', 'mean_token_accuracy': '0.9191', 'epoch': '0.1901'}
{'loss': '0.2075', 'grad_norm': '0.2197', 'learning_rate': '0.0001809', 'entropy': '0.2267', 'num_tokens': '6.299e+06', 'mean_token_accuracy': '0.9276', 'epoch': '0.1911'}
{'loss': '0.2248', 'grad_norm': '0.1328', 'learning_rate': '0.0001808', 'entropy': '0.2148', 'num_tokens': '6.336e+06', 'mean_token_accuracy': '0.928', 'epoch': '0.1922'}
{'loss': '0.1987', 'grad_norm': '0.1934', 'learning_rate': '0.0001807', 'entropy': '0.2131', 'num_tokens': '6.38e+06', 'mean_token_accuracy': '0.9343', 'epoch': '0.1932'}
{'loss': '0.1876', 'grad_norm': '0.1797', 'learning_rate': '0.0001806', 'entropy': '0.1975', 'num_tokens': '6.414e+06', 'mean_token_accuracy': '0.9373', 'epoch': '0.1943'}
{'loss': '0.2326', 'grad_norm': '0.21', 'learning_rate': '0.0001805', 'entropy': '0.2345', 'num_tokens': '6.45e+06', 'mean_token_accuracy': '0.922', 'epoch': '0.1954'}
{'loss': '0.2386', 'grad_norm': '0.1631', 'learning_rate': '0.0001804', 'entropy': '0.2251', 'num_tokens': '6.485e+06', 'mean_token_accuracy': '0.9261', 'epoch': '0.1964'}
{'loss': '0.224', 'grad_norm': '0.2422', 'learning_rate': '0.0001803', 'entropy': '0.2209', 'num_tokens': '6.52e+06', 'mean_token_accuracy': '0.9279', 'epoch': '0.1975'}
{'loss': '0.216', 'grad_norm': '0.1523', 'learning_rate': '0.0001802', 'entropy': '0.216', 'num_tokens': '6.56e+06', 'mean_token_accuracy': '0.9269', 'epoch': '0.1986'}
{'loss': '0.2013', 'grad_norm': '0.2617', 'learning_rate': '0.00018', 'entropy': '0.2179', 'num_tokens': '6.598e+06', 'mean_token_accuracy': '0.928', 'epoch': '0.1996'}
{'loss': '0.2079', 'grad_norm': '0.1719', 'learning_rate': '0.0001799', 'entropy': '0.212', 'num_tokens': '6.642e+06', 'mean_token_accuracy': '0.9298', 'epoch': '0.2007'}
{'loss': '0.2261', 'grad_norm': '0.1748', 'learning_rate': '0.0001798', 'entropy': '0.2308', 'num_tokens': '6.679e+06', 'mean_token_accuracy': '0.9203', 'epoch': '0.2017'}
{'loss': '0.2407', 'grad_norm': '0.4258', 'learning_rate': '0.0001797', 'entropy': '0.226', 'num_tokens': '6.715e+06', 'mean_token_accuracy': '0.9261', 'epoch': '0.2028'}
{'loss': '0.2274', 'grad_norm': '0.1689', 'learning_rate': '0.0001796', 'entropy': '0.2356', 'num_tokens': '6.747e+06', 'mean_token_accuracy': '0.9234', 'epoch': '0.2039'}
{'loss': '0.2678', 'grad_norm': '0.2061', 'learning_rate': '0.0001795', 'entropy': '0.26', 'num_tokens': '6.785e+06', 'mean_token_accuracy': '0.9156', 'epoch': '0.2049'}
{'loss': '0.1669', 'grad_norm': '0.3535', 'learning_rate': '0.0001794', 'entropy': '0.1791', 'num_tokens': '6.817e+06', 'mean_token_accuracy': '0.9459', 'epoch': '0.206'}
{'loss': '0.2133', 'grad_norm': '0.2178', 'learning_rate': '0.0001793', 'entropy': '0.215', 'num_tokens': '6.843e+06', 'mean_token_accuracy': '0.9276', 'epoch': '0.2071'}
{'loss': '0.1862', 'grad_norm': '0.1777', 'learning_rate': '0.0001792', 'entropy': '0.1898', 'num_tokens': '6.881e+06', 'mean_token_accuracy': '0.9364', 'epoch': '0.2081'}
{'loss': '0.2719', 'grad_norm': '0.2158', 'learning_rate': '0.0001791', 'entropy': '0.2901', 'num_tokens': '6.918e+06', 'mean_token_accuracy': '0.9088', 'epoch': '0.2092'}
{'loss': '0.2471', 'grad_norm': '0.5977', 'learning_rate': '0.000179', 'entropy': '0.2437', 'num_tokens': '6.949e+06', 'mean_token_accuracy': '0.9192', 'epoch': '0.2102'}
{'loss': '0.2051', 'grad_norm': '0.1309', 'learning_rate': '0.0001789', 'entropy': '0.1924', 'num_tokens': '6.989e+06', 'mean_token_accuracy': '0.9334', 'epoch': '0.2113'}
{'loss': '0.2474', 'grad_norm': '0.375', 'learning_rate': '0.0001788', 'entropy': '0.2352', 'num_tokens': '7.024e+06', 'mean_token_accuracy': '0.9227', 'epoch': '0.2124'}
{'loss': '0.2342', 'grad_norm': '0.1875', 'learning_rate': '0.0001787', 'entropy': '0.2201', 'num_tokens': '7.055e+06', 'mean_token_accuracy': '0.9266', 'epoch': '0.2134'}
{'loss': '0.1928', 'grad_norm': '0.2363', 'learning_rate': '0.0001786', 'entropy': '0.1977', 'num_tokens': '7.094e+06', 'mean_token_accuracy': '0.9304', 'epoch': '0.2145'}
{'loss': '0.2147', 'grad_norm': '0.1572', 'learning_rate': '0.0001785', 'entropy': '0.2592', 'num_tokens': '7.128e+06', 'mean_token_accuracy': '0.9216', 'epoch': '0.2155'}
{'loss': '0.2788', 'grad_norm': '0.166', 'learning_rate': '0.0001783', 'entropy': '0.2733', 'num_tokens': '7.171e+06', 'mean_token_accuracy': '0.9123', 'epoch': '0.2166'}
{'loss': '0.2537', 'grad_norm': '0.2256', 'learning_rate': '0.0001782', 'entropy': '0.2257', 'num_tokens': '7.2e+06', 'mean_token_accuracy': '0.9267', 'epoch': '0.2177'}
{'loss': '0.2364', 'grad_norm': '0.2119', 'learning_rate': '0.0001781', 'entropy': '0.2498', 'num_tokens': '7.238e+06', 'mean_token_accuracy': '0.9179', 'epoch': '0.2187'}
{'loss': '0.2303', 'grad_norm': '0.168', 'learning_rate': '0.000178', 'entropy': '0.2133', 'num_tokens': '7.271e+06', 'mean_token_accuracy': '0.9302', 'epoch': '0.2198'}
{'loss': '0.182', 'grad_norm': '0.127', 'learning_rate': '0.0001779', 'entropy': '0.192', 'num_tokens': '7.3e+06', 'mean_token_accuracy': '0.939', 'epoch': '0.2209'}
{'loss': '0.2289', 'grad_norm': '0.1807', 'learning_rate': '0.0001778', 'entropy': '0.2436', 'num_tokens': '7.34e+06', 'mean_token_accuracy': '0.9182', 'epoch': '0.2219'}
{'loss': '0.2159', 'grad_norm': '0.1191', 'learning_rate': '0.0001777', 'entropy': '0.2261', 'num_tokens': '7.377e+06', 'mean_token_accuracy': '0.9261', 'epoch': '0.223'}
{'loss': '0.2091', 'grad_norm': '0.1533', 'learning_rate': '0.0001776', 'entropy': '0.1951', 'num_tokens': '7.411e+06', 'mean_token_accuracy': '0.9376', 'epoch': '0.224'}
{'loss': '0.203', 'grad_norm': '0.1416', 'learning_rate': '0.0001775', 'entropy': '0.1926', 'num_tokens': '7.446e+06', 'mean_token_accuracy': '0.9388', 'epoch': '0.2251'}
{'loss': '0.1642', 'grad_norm': '0.1787', 'learning_rate': '0.0001774', 'entropy': '0.1784', 'num_tokens': '7.48e+06', 'mean_token_accuracy': '0.941', 'epoch': '0.2262'}
{'loss': '0.2013', 'grad_norm': '0.2354', 'learning_rate': '0.0001773', 'entropy': '0.1919', 'num_tokens': '7.52e+06', 'mean_token_accuracy': '0.9363', 'epoch': '0.2272'}
{'loss': '0.2478', 'grad_norm': '0.2109', 'learning_rate': '0.0001772', 'entropy': '0.2683', 'num_tokens': '7.551e+06', 'mean_token_accuracy': '0.9104', 'epoch': '0.2283'}
{'loss': '0.2324', 'grad_norm': '0.2754', 'learning_rate': '0.0001771', 'entropy': '0.2409', 'num_tokens': '7.587e+06', 'mean_token_accuracy': '0.9283', 'epoch': '0.2293'}
{'loss': '0.2433', 'grad_norm': '0.2012', 'learning_rate': '0.000177', 'entropy': '0.2438', 'num_tokens': '7.628e+06', 'mean_token_accuracy': '0.9177', 'epoch': '0.2304'}
{'loss': '0.2079', 'grad_norm': '0.3203', 'learning_rate': '0.0001769', 'entropy': '0.2096', 'num_tokens': '7.664e+06', 'mean_token_accuracy': '0.929', 'epoch': '0.2315'}
{'loss': '0.2257', 'grad_norm': '0.2324', 'learning_rate': '0.0001768', 'entropy': '0.2268', 'num_tokens': '7.695e+06', 'mean_token_accuracy': '0.9254', 'epoch': '0.2325'}
{'loss': '0.1942', 'grad_norm': '0.1924', 'learning_rate': '0.0001767', 'entropy': '0.1924', 'num_tokens': '7.739e+06', 'mean_token_accuracy': '0.9393', 'epoch': '0.2336'}
{'loss': '0.1898', 'grad_norm': '0.2129', 'learning_rate': '0.0001765', 'entropy': '0.1787', 'num_tokens': '7.77e+06', 'mean_token_accuracy': '0.9436', 'epoch': '0.2347'}
{'loss': '0.2028', 'grad_norm': '0.2852', 'learning_rate': '0.0001764', 'entropy': '0.2388', 'num_tokens': '7.8e+06', 'mean_token_accuracy': '0.922', 'epoch': '0.2357'}
{'loss': '0.2247', 'grad_norm': '0.2393', 'learning_rate': '0.0001763', 'entropy': '0.2247', 'num_tokens': '7.833e+06', 'mean_token_accuracy': '0.9237', 'epoch': '0.2368'}
{'loss': '0.2091', 'grad_norm': '0.2812', 'learning_rate': '0.0001762', 'entropy': '0.2324', 'num_tokens': '7.865e+06', 'mean_token_accuracy': '0.9232', 'epoch': '0.2378'}
{'loss': '0.2313', 'grad_norm': '0.248', 'learning_rate': '0.0001761', 'entropy': '0.2454', 'num_tokens': '7.894e+06', 'mean_token_accuracy': '0.9227', 'epoch': '0.2389'}
{'loss': '0.205', 'grad_norm': '0.3242', 'learning_rate': '0.000176', 'entropy': '0.1908', 'num_tokens': '7.928e+06', 'mean_token_accuracy': '0.9324', 'epoch': '0.24'}
{'loss': '0.2453', 'grad_norm': '0.1689', 'learning_rate': '0.0001759', 'entropy': '0.2348', 'num_tokens': '7.962e+06', 'mean_token_accuracy': '0.9231', 'epoch': '0.241'}
{'loss': '0.2052', 'grad_norm': '0.2012', 'learning_rate': '0.0001758', 'entropy': '0.2319', 'num_tokens': '7.996e+06', 'mean_token_accuracy': '0.9283', 'epoch': '0.2421'}
{'loss': '0.2616', 'grad_norm': '0.2188', 'learning_rate': '0.0001757', 'entropy': '0.2742', 'num_tokens': '8.021e+06', 'mean_token_accuracy': '0.9114', 'epoch': '0.2432'}
{'loss': '0.1779', 'grad_norm': '0.2227', 'learning_rate': '0.0001756', 'entropy': '0.1858', 'num_tokens': '8.055e+06', 'mean_token_accuracy': '0.9365', 'epoch': '0.2442'}
{'loss': '0.2726', 'grad_norm': '0.2754', 'learning_rate': '0.0001755', 'entropy': '0.2485', 'num_tokens': '8.089e+06', 'mean_token_accuracy': '0.9179', 'epoch': '0.2453'}
{'loss': '0.2237', 'grad_norm': '0.25', 'learning_rate': '0.0001754', 'entropy': '0.2158', 'num_tokens': '8.118e+06', 'mean_token_accuracy': '0.9258', 'epoch': '0.2463'}
{'loss': '0.241', 'grad_norm': '0.2266', 'learning_rate': '0.0001753', 'entropy': '0.2324', 'num_tokens': '8.151e+06', 'mean_token_accuracy': '0.9286', 'epoch': '0.2474'}
{'loss': '0.2022', 'grad_norm': '0.126', 'learning_rate': '0.0001752', 'entropy': '0.2194', 'num_tokens': '8.189e+06', 'mean_token_accuracy': '0.926', 'epoch': '0.2485'}
{'loss': '0.2212', 'grad_norm': '0.1787', 'learning_rate': '0.0001751', 'entropy': '0.2281', 'num_tokens': '8.226e+06', 'mean_token_accuracy': '0.9269', 'epoch': '0.2495'}
{'loss': '0.2146', 'grad_norm': '0.2051', 'learning_rate': '0.000175', 'entropy': '0.2116', 'num_tokens': '8.259e+06', 'mean_token_accuracy': '0.9318', 'epoch': '0.2506'}
{'loss': '0.2545', 'grad_norm': '0.2246', 'learning_rate': '0.0001748', 'entropy': '0.2362', 'num_tokens': '8.298e+06', 'mean_token_accuracy': '0.9246', 'epoch': '0.2516'}
{'loss': '0.2153', 'grad_norm': '0.1855', 'learning_rate': '0.0001747', 'entropy': '0.2307', 'num_tokens': '8.328e+06', 'mean_token_accuracy': '0.9274', 'epoch': '0.2527'}
{'loss': '0.2189', 'grad_norm': '0.2061', 'learning_rate': '0.0001746', 'entropy': '0.2204', 'num_tokens': '8.368e+06', 'mean_token_accuracy': '0.9313', 'epoch': '0.2538'}
{'loss': '0.248', 'grad_norm': '0.2197', 'learning_rate': '0.0001745', 'entropy': '0.2641', 'num_tokens': '8.403e+06', 'mean_token_accuracy': '0.9176', 'epoch': '0.2548'}
{'loss': '0.2194', 'grad_norm': '0.2598', 'learning_rate': '0.0001744', 'entropy': '0.2031', 'num_tokens': '8.431e+06', 'mean_token_accuracy': '0.9313', 'epoch': '0.2559'}
{'loss': '0.226', 'grad_norm': '0.1982', 'learning_rate': '0.0001743', 'entropy': '0.2201', 'num_tokens': '8.468e+06', 'mean_token_accuracy': '0.9249', 'epoch': '0.257'}
{'loss': '0.2453', 'grad_norm': '0.248', 'learning_rate': '0.0001742', 'entropy': '0.2345', 'num_tokens': '8.504e+06', 'mean_token_accuracy': '0.9242', 'epoch': '0.258'}
{'loss': '0.2248', 'grad_norm': '0.168', 'learning_rate': '0.0001741', 'entropy': '0.207', 'num_tokens': '8.537e+06', 'mean_token_accuracy': '0.9321', 'epoch': '0.2591'}
{'loss': '0.1573', 'grad_norm': '0.1768', 'learning_rate': '0.000174', 'entropy': '0.1848', 'num_tokens': '8.573e+06', 'mean_token_accuracy': '0.9423', 'epoch': '0.2601'}
{'loss': '0.181', 'grad_norm': '0.2061', 'learning_rate': '0.0001739', 'entropy': '0.1901', 'num_tokens': '8.602e+06', 'mean_token_accuracy': '0.9353', 'epoch': '0.2612'}
{'loss': '0.2175', 'grad_norm': '0.1611', 'learning_rate': '0.0001738', 'entropy': '0.2154', 'num_tokens': '8.634e+06', 'mean_token_accuracy': '0.927', 'epoch': '0.2623'}
{'loss': '0.2226', 'grad_norm': '0.2363', 'learning_rate': '0.0001737', 'entropy': '0.2132', 'num_tokens': '8.678e+06', 'mean_token_accuracy': '0.9316', 'epoch': '0.2633'}
{'loss': '0.1566', 'grad_norm': '0.2168', 'learning_rate': '0.0001736', 'entropy': '0.1926', 'num_tokens': '8.712e+06', 'mean_token_accuracy': '0.9384', 'epoch': '0.2644'}
{'loss': '0.2459', 'grad_norm': '0.167', 'learning_rate': '0.0001735', 'entropy': '0.2785', 'num_tokens': '8.742e+06', 'mean_token_accuracy': '0.9055', 'epoch': '0.2654'}
{'loss': '0.2505', 'grad_norm': '0.2656', 'learning_rate': '0.0001734', 'entropy': '0.2678', 'num_tokens': '8.774e+06', 'mean_token_accuracy': '0.9074', 'epoch': '0.2665'}
{'loss': '0.2478', 'grad_norm': '0.3008', 'learning_rate': '0.0001733', 'entropy': '0.2251', 'num_tokens': '8.801e+06', 'mean_token_accuracy': '0.9226', 'epoch': '0.2676'}
{'loss': '0.2937', 'grad_norm': '0.2373', 'learning_rate': '0.0001731', 'entropy': '0.2752', 'num_tokens': '8.836e+06', 'mean_token_accuracy': '0.9144', 'epoch': '0.2686'}
{'loss': '0.2174', 'grad_norm': '0.2871', 'learning_rate': '0.000173', 'entropy': '0.2225', 'num_tokens': '8.866e+06', 'mean_token_accuracy': '0.9278', 'epoch': '0.2697'}
{'loss': '0.212', 'grad_norm': '0.4004', 'learning_rate': '0.0001729', 'entropy': '0.2007', 'num_tokens': '8.901e+06', 'mean_token_accuracy': '0.9321', 'epoch': '0.2708'}
{'loss': '0.2055', 'grad_norm': '0.2441', 'learning_rate': '0.0001728', 'entropy': '0.1948', 'num_tokens': '8.932e+06', 'mean_token_accuracy': '0.9374', 'epoch': '0.2718'}
{'loss': '0.2294', 'grad_norm': '0.2227', 'learning_rate': '0.0001727', 'entropy': '0.2137', 'num_tokens': '8.96e+06', 'mean_token_accuracy': '0.9343', 'epoch': '0.2729'}
{'loss': '0.254', 'grad_norm': '0.1543', 'learning_rate': '0.0001726', 'entropy': '0.2355', 'num_tokens': '9e+06', 'mean_token_accuracy': '0.9194', 'epoch': '0.2739'}
{'loss': '0.1954', 'grad_norm': '0.373', 'learning_rate': '0.0001725', 'entropy': '0.2288', 'num_tokens': '9.03e+06', 'mean_token_accuracy': '0.9296', 'epoch': '0.275'}
{'loss': '0.2207', 'grad_norm': '0.2334', 'learning_rate': '0.0001724', 'entropy': '0.2282', 'num_tokens': '9.062e+06', 'mean_token_accuracy': '0.9273', 'epoch': '0.2761'}
{'loss': '0.2583', 'grad_norm': '0.1768', 'learning_rate': '0.0001723', 'entropy': '0.2513', 'num_tokens': '9.102e+06', 'mean_token_accuracy': '0.9143', 'epoch': '0.2771'}
{'loss': '0.2451', 'grad_norm': '0.3828', 'learning_rate': '0.0001722', 'entropy': '0.2281', 'num_tokens': '9.133e+06', 'mean_token_accuracy': '0.9224', 'epoch': '0.2782'}
{'loss': '0.1961', 'grad_norm': '0.1533', 'learning_rate': '0.0001721', 'entropy': '0.2023', 'num_tokens': '9.159e+06', 'mean_token_accuracy': '0.938', 'epoch': '0.2793'}
{'loss': '0.2415', 'grad_norm': '0.3203', 'learning_rate': '0.000172', 'entropy': '0.2237', 'num_tokens': '9.193e+06', 'mean_token_accuracy': '0.9221', 'epoch': '0.2803'}
{'loss': '0.2398', 'grad_norm': '0.3438', 'learning_rate': '0.0001719', 'entropy': '0.2527', 'num_tokens': '9.228e+06', 'mean_token_accuracy': '0.9202', 'epoch': '0.2814'}
{'loss': '0.1857', 'grad_norm': '0.1475', 'learning_rate': '0.0001718', 'entropy': '0.2075', 'num_tokens': '9.26e+06', 'mean_token_accuracy': '0.9339', 'epoch': '0.2824'}
{'loss': '0.2497', 'grad_norm': '0.1553', 'learning_rate': '0.0001717', 'entropy': '0.2599', 'num_tokens': '9.291e+06', 'mean_token_accuracy': '0.9195', 'epoch': '0.2835'}
{'loss': '0.1834', 'grad_norm': '0.2373', 'learning_rate': '0.0001716', 'entropy': '0.1814', 'num_tokens': '9.32e+06', 'mean_token_accuracy': '0.9382', 'epoch': '0.2846'}
{'loss': '0.2126', 'grad_norm': '0.3496', 'learning_rate': '0.0001714', 'entropy': '0.2167', 'num_tokens': '9.348e+06', 'mean_token_accuracy': '0.9273', 'epoch': '0.2856'}
{'loss': '0.1789', 'grad_norm': '0.3184', 'learning_rate': '0.0001713', 'entropy': '0.1816', 'num_tokens': '9.38e+06', 'mean_token_accuracy': '0.9358', 'epoch': '0.2867'}
{'loss': '0.196', 'grad_norm': '0.1357', 'learning_rate': '0.0001712', 'entropy': '0.2127', 'num_tokens': '9.414e+06', 'mean_token_accuracy': '0.9292', 'epoch': '0.2877'}
{'loss': '0.2322', 'grad_norm': '0.2676', 'learning_rate': '0.0001711', 'entropy': '0.2286', 'num_tokens': '9.442e+06', 'mean_token_accuracy': '0.9226', 'epoch': '0.2888'}
{'loss': '0.2329', 'grad_norm': '0.3809', 'learning_rate': '0.000171', 'entropy': '0.2328', 'num_tokens': '9.482e+06', 'mean_token_accuracy': '0.9251', 'epoch': '0.2899'}
{'loss': '0.2169', 'grad_norm': '0.2324', 'learning_rate': '0.0001709', 'entropy': '0.2298', 'num_tokens': '9.516e+06', 'mean_token_accuracy': '0.9215', 'epoch': '0.2909'}
{'loss': '0.2531', 'grad_norm': '0.2715', 'learning_rate': '0.0001708', 'entropy': '0.229', 'num_tokens': '9.555e+06', 'mean_token_accuracy': '0.9273', 'epoch': '0.292'}
{'loss': '0.2024', 'grad_norm': '0.1973', 'learning_rate': '0.0001707', 'entropy': '0.2136', 'num_tokens': '9.585e+06', 'mean_token_accuracy': '0.9324', 'epoch': '0.2931'}
{'loss': '0.2124', 'grad_norm': '0.2754', 'learning_rate': '0.0001706', 'entropy': '0.2377', 'num_tokens': '9.62e+06', 'mean_token_accuracy': '0.9227', 'epoch': '0.2941'}
{'loss': '0.248', 'grad_norm': '0.2402', 'learning_rate': '0.0001705', 'entropy': '0.2329', 'num_tokens': '9.654e+06', 'mean_token_accuracy': '0.925', 'epoch': '0.2952'}
{'loss': '0.2375', 'grad_norm': '0.2266', 'learning_rate': '0.0001704', 'entropy': '0.2334', 'num_tokens': '9.683e+06', 'mean_token_accuracy': '0.9219', 'epoch': '0.2962'}
{'loss': '0.2561', 'grad_norm': '0.1592', 'learning_rate': '0.0001703', 'entropy': '0.2499', 'num_tokens': '9.718e+06', 'mean_token_accuracy': '0.9186', 'epoch': '0.2973'}
{'loss': '0.2574', 'grad_norm': '0.4199', 'learning_rate': '0.0001702', 'entropy': '0.2525', 'num_tokens': '9.751e+06', 'mean_token_accuracy': '0.9181', 'epoch': '0.2984'}
{'loss': '0.2433', 'grad_norm': '0.3105', 'learning_rate': '0.0001701', 'entropy': '0.2346', 'num_tokens': '9.791e+06', 'mean_token_accuracy': '0.9232', 'epoch': '0.2994'}
{'loss': '0.1923', 'grad_norm': '0.2148', 'learning_rate': '0.00017', 'entropy': '0.1938', 'num_tokens': '9.822e+06', 'mean_token_accuracy': '0.9334', 'epoch': '0.3005'}
{'loss': '0.2337', 'grad_norm': '0.2812', 'learning_rate': '0.0001699', 'entropy': '0.2477', 'num_tokens': '9.855e+06', 'mean_token_accuracy': '0.9136', 'epoch': '0.3016'}
{'loss': '0.2299', 'grad_norm': '0.1631', 'learning_rate': '0.0001697', 'entropy': '0.224', 'num_tokens': '9.892e+06', 'mean_token_accuracy': '0.926', 'epoch': '0.3026'}
{'loss': '0.2283', 'grad_norm': '0.2139', 'learning_rate': '0.0001696', 'entropy': '0.2241', 'num_tokens': '9.929e+06', 'mean_token_accuracy': '0.9273', 'epoch': '0.3037'}
{'loss': '0.2283', 'grad_norm': '0.3301', 'learning_rate': '0.0001695', 'entropy': '0.2178', 'num_tokens': '9.964e+06', 'mean_token_accuracy': '0.9255', 'epoch': '0.3047'}
{'loss': '0.2419', 'grad_norm': '0.3262', 'learning_rate': '0.0001694', 'entropy': '0.242', 'num_tokens': '9.995e+06', 'mean_token_accuracy': '0.9241', 'epoch': '0.3058'}
{'loss': '0.2083', 'grad_norm': '0.1738', 'learning_rate': '0.0001693', 'entropy': '0.2141', 'num_tokens': '1.003e+07', 'mean_token_accuracy': '0.9323', 'epoch': '0.3069'}
{'loss': '0.1718', 'grad_norm': '0.1494', 'learning_rate': '0.0001692', 'entropy': '0.1703', 'num_tokens': '1.007e+07', 'mean_token_accuracy': '0.9404', 'epoch': '0.3079'}
{'loss': '0.2174', 'grad_norm': '0.3535', 'learning_rate': '0.0001691', 'entropy': '0.1913', 'num_tokens': '1.01e+07', 'mean_token_accuracy': '0.9376', 'epoch': '0.309'}
{'loss': '0.1768', 'grad_norm': '0.1602', 'learning_rate': '0.000169', 'entropy': '0.1731', 'num_tokens': '1.014e+07', 'mean_token_accuracy': '0.9461', 'epoch': '0.31'}
{'loss': '0.2057', 'grad_norm': '0.21', 'learning_rate': '0.0001689', 'entropy': '0.1937', 'num_tokens': '1.017e+07', 'mean_token_accuracy': '0.9359', 'epoch': '0.3111'}
{'loss': '0.1975', 'grad_norm': '0.3418', 'learning_rate': '0.0001688', 'entropy': '0.2072', 'num_tokens': '1.021e+07', 'mean_token_accuracy': '0.9302', 'epoch': '0.3122'}
{'loss': '0.2221', 'grad_norm': '0.2148', 'learning_rate': '0.0001687', 'entropy': '0.2248', 'num_tokens': '1.024e+07', 'mean_token_accuracy': '0.9282', 'epoch': '0.3132'}
{'loss': '0.1889', 'grad_norm': '0.2305', 'learning_rate': '0.0001686', 'entropy': '0.1942', 'num_tokens': '1.028e+07', 'mean_token_accuracy': '0.9375', 'epoch': '0.3143'}
{'loss': '0.2286', 'grad_norm': '0.2539', 'learning_rate': '0.0001685', 'entropy': '0.2205', 'num_tokens': '1.031e+07', 'mean_token_accuracy': '0.9254', 'epoch': '0.3154'}
{'loss': '0.2155', 'grad_norm': '0.1787', 'learning_rate': '0.0001684', 'entropy': '0.1927', 'num_tokens': '1.035e+07', 'mean_token_accuracy': '0.9342', 'epoch': '0.3164'}
{'loss': '0.196', 'grad_norm': '0.2363', 'learning_rate': '0.0001683', 'entropy': '0.2291', 'num_tokens': '1.038e+07', 'mean_token_accuracy': '0.9277', 'epoch': '0.3175'}
{'loss': '0.2674', 'grad_norm': '0.2021', 'learning_rate': '0.0001682', 'entropy': '0.2575', 'num_tokens': '1.041e+07', 'mean_token_accuracy': '0.9167', 'epoch': '0.3185'}
{'loss': '0.2186', 'grad_norm': '0.1621', 'learning_rate': '0.0001681', 'entropy': '0.2087', 'num_tokens': '1.044e+07', 'mean_token_accuracy': '0.9286', 'epoch': '0.3196'}
{'loss': '0.2497', 'grad_norm': '0.1602', 'learning_rate': '0.0001679', 'entropy': '0.2279', 'num_tokens': '1.048e+07', 'mean_token_accuracy': '0.9239', 'epoch': '0.3207'}
{'loss': '0.2156', 'grad_norm': '0.5195', 'learning_rate': '0.0001678', 'entropy': '0.219', 'num_tokens': '1.051e+07', 'mean_token_accuracy': '0.9313', 'epoch': '0.3217'}
{'loss': '0.2362', 'grad_norm': '0.2578', 'learning_rate': '0.0001677', 'entropy': '0.2328', 'num_tokens': '1.054e+07', 'mean_token_accuracy': '0.9247', 'epoch': '0.3228'}
{'loss': '0.2184', 'grad_norm': '0.2119', 'learning_rate': '0.0001676', 'entropy': '0.1998', 'num_tokens': '1.057e+07', 'mean_token_accuracy': '0.9316', 'epoch': '0.3238'}
{'loss': '0.2425', 'grad_norm': '0.2734', 'learning_rate': '0.0001675', 'entropy': '0.2345', 'num_tokens': '1.061e+07', 'mean_token_accuracy': '0.9189', 'epoch': '0.3249'}
{'loss': '0.1644', 'grad_norm': '0.2266', 'learning_rate': '0.0001674', 'entropy': '0.1621', 'num_tokens': '1.064e+07', 'mean_token_accuracy': '0.9458', 'epoch': '0.326'}
{'loss': '0.2315', 'grad_norm': '0.1846', 'learning_rate': '0.0001673', 'entropy': '0.2568', 'num_tokens': '1.068e+07', 'mean_token_accuracy': '0.9158', 'epoch': '0.327'}
{'loss': '0.202', 'grad_norm': '0.2002', 'learning_rate': '0.0001672', 'entropy': '0.2065', 'num_tokens': '1.071e+07', 'mean_token_accuracy': '0.9311', 'epoch': '0.3281'}
{'loss': '0.175', 'grad_norm': '0.2363', 'learning_rate': '0.0001671', 'entropy': '0.1841', 'num_tokens': '1.074e+07', 'mean_token_accuracy': '0.9374', 'epoch': '0.3292'}
{'loss': '0.2163', 'grad_norm': '0.2412', 'learning_rate': '0.000167', 'entropy': '0.2132', 'num_tokens': '1.078e+07', 'mean_token_accuracy': '0.9297', 'epoch': '0.3302'}
{'loss': '0.1866', 'grad_norm': '0.1455', 'learning_rate': '0.0001669', 'entropy': '0.1992', 'num_tokens': '1.081e+07', 'mean_token_accuracy': '0.937', 'epoch': '0.3313'}
{'loss': '0.2201', 'grad_norm': '0.1553', 'learning_rate': '0.0001668', 'entropy': '0.2162', 'num_tokens': '1.084e+07', 'mean_token_accuracy': '0.9292', 'epoch': '0.3323'}
{'loss': '0.2623', 'grad_norm': '0.2363', 'learning_rate': '0.0001667', 'entropy': '0.235', 'num_tokens': '1.088e+07', 'mean_token_accuracy': '0.9182', 'epoch': '0.3334'}
{'loss': '0.179', 'grad_norm': '0.1475', 'learning_rate': '0.0001666', 'entropy': '0.2029', 'num_tokens': '1.092e+07', 'mean_token_accuracy': '0.9321', 'epoch': '0.3345'}
{'loss': '0.2257', 'grad_norm': '0.3047', 'learning_rate': '0.0001665', 'entropy': '0.2144', 'num_tokens': '1.094e+07', 'mean_token_accuracy': '0.9268', 'epoch': '0.3355'}
{'loss': '0.206', 'grad_norm': '0.3613', 'learning_rate': '0.0001664', 'entropy': '0.202', 'num_tokens': '1.098e+07', 'mean_token_accuracy': '0.9336', 'epoch': '0.3366'}
{'loss': '0.2443', 'grad_norm': '0.4395', 'learning_rate': '0.0001662', 'entropy': '0.2308', 'num_tokens': '1.101e+07', 'mean_token_accuracy': '0.9246', 'epoch': '0.3377'}
{'loss': '0.2209', 'grad_norm': '0.2217', 'learning_rate': '0.0001661', 'entropy': '0.227', 'num_tokens': '1.105e+07', 'mean_token_accuracy': '0.9281', 'epoch': '0.3387'}
{'loss': '0.2132', 'grad_norm': '0.2441', 'learning_rate': '0.000166', 'entropy': '0.2071', 'num_tokens': '1.108e+07', 'mean_token_accuracy': '0.9286', 'epoch': '0.3398'}
{'loss': '0.198', 'grad_norm': '0.3926', 'learning_rate': '0.0001659', 'entropy': '0.1987', 'num_tokens': '1.111e+07', 'mean_token_accuracy': '0.9348', 'epoch': '0.3408'}
{'loss': '0.2526', 'grad_norm': '0.3438', 'learning_rate': '0.0001658', 'entropy': '0.2243', 'num_tokens': '1.114e+07', 'mean_token_accuracy': '0.9251', 'epoch': '0.3419'}
{'loss': '0.2043', 'grad_norm': '0.3301', 'learning_rate': '0.0001657', 'entropy': '0.2097', 'num_tokens': '1.117e+07', 'mean_token_accuracy': '0.9313', 'epoch': '0.343'}
{'loss': '0.2402', 'grad_norm': '0.1953', 'learning_rate': '0.0001656', 'entropy': '0.2141', 'num_tokens': '1.121e+07', 'mean_token_accuracy': '0.9273', 'epoch': '0.344'}
{'loss': '0.2174', 'grad_norm': '0.1377', 'learning_rate': '0.0001655', 'entropy': '0.2299', 'num_tokens': '1.125e+07', 'mean_token_accuracy': '0.9253', 'epoch': '0.3451'}
{'loss': '0.2348', 'grad_norm': '0.1934', 'learning_rate': '0.0001654', 'entropy': '0.2619', 'num_tokens': '1.129e+07', 'mean_token_accuracy': '0.9195', 'epoch': '0.3461'}
{'loss': '0.2499', 'grad_norm': '0.4004', 'learning_rate': '0.0001653', 'entropy': '0.2348', 'num_tokens': '1.132e+07', 'mean_token_accuracy': '0.9237', 'epoch': '0.3472'}
{'loss': '0.2638', 'grad_norm': '0.2773', 'learning_rate': '0.0001652', 'entropy': '0.2753', 'num_tokens': '1.136e+07', 'mean_token_accuracy': '0.9155', 'epoch': '0.3483'}
{'loss': '0.2028', 'grad_norm': '0.332', 'learning_rate': '0.0001651', 'entropy': '0.1963', 'num_tokens': '1.14e+07', 'mean_token_accuracy': '0.932', 'epoch': '0.3493'}
{'loss': '0.1772', 'grad_norm': '0.2236', 'learning_rate': '0.000165', 'entropy': '0.1917', 'num_tokens': '1.144e+07', 'mean_token_accuracy': '0.9341', 'epoch': '0.3504'}
{'loss': '0.1944', 'grad_norm': '0.3027', 'learning_rate': '0.0001649', 'entropy': '0.2196', 'num_tokens': '1.147e+07', 'mean_token_accuracy': '0.9328', 'epoch': '0.3515'}
{'loss': '0.2051', 'grad_norm': '0.21', 'learning_rate': '0.0001648', 'entropy': '0.1948', 'num_tokens': '1.15e+07', 'mean_token_accuracy': '0.9322', 'epoch': '0.3525'}
{'loss': '0.1917', 'grad_norm': '0.2637', 'learning_rate': '0.0001647', 'entropy': '0.1855', 'num_tokens': '1.154e+07', 'mean_token_accuracy': '0.9415', 'epoch': '0.3536'}
{'loss': '0.2441', 'grad_norm': '0.4883', 'learning_rate': '0.0001645', 'entropy': '0.2264', 'num_tokens': '1.156e+07', 'mean_token_accuracy': '0.9235', 'epoch': '0.3546'}
{'loss': '0.2319', 'grad_norm': '0.2832', 'learning_rate': '0.0001644', 'entropy': '0.2448', 'num_tokens': '1.159e+07', 'mean_token_accuracy': '0.9218', 'epoch': '0.3557'}
{'loss': '0.1748', 'grad_norm': '0.1816', 'learning_rate': '0.0001643', 'entropy': '0.1884', 'num_tokens': '1.163e+07', 'mean_token_accuracy': '0.9378', 'epoch': '0.3568'}
{'loss': '0.2105', 'grad_norm': '0.1758', 'learning_rate': '0.0001642', 'entropy': '0.2099', 'num_tokens': '1.166e+07', 'mean_token_accuracy': '0.931', 'epoch': '0.3578'}
{'loss': '0.1719', 'grad_norm': '0.3086', 'learning_rate': '0.0001641', 'entropy': '0.1752', 'num_tokens': '1.169e+07', 'mean_token_accuracy': '0.9399', 'epoch': '0.3589'}
{'loss': '0.1907', 'grad_norm': '0.1113', 'learning_rate': '0.000164', 'entropy': '0.1889', 'num_tokens': '1.174e+07', 'mean_token_accuracy': '0.9361', 'epoch': '0.3599'}
{'loss': '0.2133', 'grad_norm': '0.2656', 'learning_rate': '0.0001639', 'entropy': '0.2118', 'num_tokens': '1.178e+07', 'mean_token_accuracy': '0.9329', 'epoch': '0.361'}
{'loss': '0.2033', 'grad_norm': '0.2969', 'learning_rate': '0.0001638', 'entropy': '0.198', 'num_tokens': '1.182e+07', 'mean_token_accuracy': '0.9335', 'epoch': '0.3621'}
{'loss': '0.2309', 'grad_norm': '0.2891', 'learning_rate': '0.0001637', 'entropy': '0.222', 'num_tokens': '1.185e+07', 'mean_token_accuracy': '0.9262', 'epoch': '0.3631'}
{'loss': '0.2556', 'grad_norm': '0.2412', 'learning_rate': '0.0001636', 'entropy': '0.2664', 'num_tokens': '1.188e+07', 'mean_token_accuracy': '0.911', 'epoch': '0.3642'}
{'loss': '0.1925', 'grad_norm': '0.2275', 'learning_rate': '0.0001635', 'entropy': '0.1884', 'num_tokens': '1.191e+07', 'mean_token_accuracy': '0.9357', 'epoch': '0.3653'}
{'loss': '0.1905', 'grad_norm': '0.2363', 'learning_rate': '0.0001634', 'entropy': '0.1997', 'num_tokens': '1.195e+07', 'mean_token_accuracy': '0.931', 'epoch': '0.3663'}
{'loss': '0.2055', 'grad_norm': '0.1406', 'learning_rate': '0.0001633', 'entropy': '0.1936', 'num_tokens': '1.198e+07', 'mean_token_accuracy': '0.939', 'epoch': '0.3674'}
{'loss': '0.2013', 'grad_norm': '0.3965', 'learning_rate': '0.0001632', 'entropy': '0.1926', 'num_tokens': '1.202e+07', 'mean_token_accuracy': '0.9355', 'epoch': '0.3684'}
{'loss': '0.2489', 'grad_norm': '0.2227', 'learning_rate': '0.0001631', 'entropy': '0.2406', 'num_tokens': '1.205e+07', 'mean_token_accuracy': '0.9216', 'epoch': '0.3695'}
{'loss': '0.2227', 'grad_norm': '0.3672', 'learning_rate': '0.000163', 'entropy': '0.2215', 'num_tokens': '1.207e+07', 'mean_token_accuracy': '0.9282', 'epoch': '0.3706'}
{'loss': '0.1919', 'grad_norm': '0.3301', 'learning_rate': '0.0001628', 'entropy': '0.2019', 'num_tokens': '1.211e+07', 'mean_token_accuracy': '0.9329', 'epoch': '0.3716'}
{'loss': '0.1703', 'grad_norm': '0.2773', 'learning_rate': '0.0001627', 'entropy': '0.1966', 'num_tokens': '1.215e+07', 'mean_token_accuracy': '0.9386', 'epoch': '0.3727'}
{'loss': '0.1922', 'grad_norm': '0.248', 'learning_rate': '0.0001626', 'entropy': '0.2085', 'num_tokens': '1.219e+07', 'mean_token_accuracy': '0.934', 'epoch': '0.3738'}
{'loss': '0.2065', 'grad_norm': '0.2812', 'learning_rate': '0.0001625', 'entropy': '0.1946', 'num_tokens': '1.222e+07', 'mean_token_accuracy': '0.9323', 'epoch': '0.3748'}
{'loss': '0.2039', 'grad_norm': '0.209', 'learning_rate': '0.0001624', 'entropy': '0.1996', 'num_tokens': '1.226e+07', 'mean_token_accuracy': '0.9316', 'epoch': '0.3759'}
{'loss': '0.2244', 'grad_norm': '0.1387', 'learning_rate': '0.0001623', 'entropy': '0.1973', 'num_tokens': '1.23e+07', 'mean_token_accuracy': '0.9321', 'epoch': '0.3769'}
{'loss': '0.1739', 'grad_norm': '0.3379', 'learning_rate': '0.0001622', 'entropy': '0.1726', 'num_tokens': '1.233e+07', 'mean_token_accuracy': '0.9438', 'epoch': '0.378'}
{'loss': '0.2272', 'grad_norm': '0.3477', 'learning_rate': '0.0001621', 'entropy': '0.2145', 'num_tokens': '1.236e+07', 'mean_token_accuracy': '0.9314', 'epoch': '0.3791'}
{'loss': '0.2419', 'grad_norm': '0.4062', 'learning_rate': '0.000162', 'entropy': '0.2276', 'num_tokens': '1.239e+07', 'mean_token_accuracy': '0.9235', 'epoch': '0.3801'}
{'loss': '0.1699', 'grad_norm': '0.166', 'learning_rate': '0.0001619', 'entropy': '0.1803', 'num_tokens': '1.243e+07', 'mean_token_accuracy': '0.9396', 'epoch': '0.3812'}
{'loss': '0.1959', 'grad_norm': '0.2285', 'learning_rate': '0.0001618', 'entropy': '0.1764', 'num_tokens': '1.246e+07', 'mean_token_accuracy': '0.9396', 'epoch': '0.3822'}
{'loss': '0.201', 'grad_norm': '0.1108', 'learning_rate': '0.0001617', 'entropy': '0.1918', 'num_tokens': '1.25e+07', 'mean_token_accuracy': '0.937', 'epoch': '0.3833'}
{'loss': '0.2688', 'grad_norm': '0.3301', 'learning_rate': '0.0001616', 'entropy': '0.2693', 'num_tokens': '1.253e+07', 'mean_token_accuracy': '0.9142', 'epoch': '0.3844'}
{'loss': '0.2269', 'grad_norm': '0.1279', 'learning_rate': '0.0001615', 'entropy': '0.2278', 'num_tokens': '1.256e+07', 'mean_token_accuracy': '0.9229', 'epoch': '0.3854'}
{'loss': '0.2547', 'grad_norm': '0.1602', 'learning_rate': '0.0001614', 'entropy': '0.2383', 'num_tokens': '1.26e+07', 'mean_token_accuracy': '0.9181', 'epoch': '0.3865'}
{'loss': '0.1983', 'grad_norm': '0.2471', 'learning_rate': '0.0001613', 'entropy': '0.2024', 'num_tokens': '1.264e+07', 'mean_token_accuracy': '0.9341', 'epoch': '0.3876'}
{'loss': '0.2443', 'grad_norm': '0.1982', 'learning_rate': '0.0001611', 'entropy': '0.2517', 'num_tokens': '1.267e+07', 'mean_token_accuracy': '0.9163', 'epoch': '0.3886'}
{'loss': '0.2181', 'grad_norm': '0.2891', 'learning_rate': '0.000161', 'entropy': '0.216', 'num_tokens': '1.271e+07', 'mean_token_accuracy': '0.9269', 'epoch': '0.3897'}
{'loss': '0.2196', 'grad_norm': '0.2715', 'learning_rate': '0.0001609', 'entropy': '0.2103', 'num_tokens': '1.275e+07', 'mean_token_accuracy': '0.9291', 'epoch': '0.3907'}
{'loss': '0.2807', 'grad_norm': '0.4395', 'learning_rate': '0.0001608', 'entropy': '0.2788', 'num_tokens': '1.278e+07', 'mean_token_accuracy': '0.9073', 'epoch': '0.3918'}
{'loss': '0.2478', 'grad_norm': '0.3242', 'learning_rate': '0.0001607', 'entropy': '0.2366', 'num_tokens': '1.281e+07', 'mean_token_accuracy': '0.9203', 'epoch': '0.3929'}
{'loss': '0.2102', 'grad_norm': '0.1147', 'learning_rate': '0.0001606', 'entropy': '0.2278', 'num_tokens': '1.285e+07', 'mean_token_accuracy': '0.9274', 'epoch': '0.3939'}
{'loss': '0.1842', 'grad_norm': '0.2656', 'learning_rate': '0.0001605', 'entropy': '0.1799', 'num_tokens': '1.288e+07', 'mean_token_accuracy': '0.9372', 'epoch': '0.395'}
{'loss': '0.1961', 'grad_norm': '0.4258', 'learning_rate': '0.0001604', 'entropy': '0.1912', 'num_tokens': '1.291e+07', 'mean_token_accuracy': '0.9402', 'epoch': '0.3961'}
{'loss': '0.2219', 'grad_norm': '0.2656', 'learning_rate': '0.0001603', 'entropy': '0.2084', 'num_tokens': '1.295e+07', 'mean_token_accuracy': '0.9292', 'epoch': '0.3971'}
{'loss': '0.2561', 'grad_norm': '0.3398', 'learning_rate': '0.0001602', 'entropy': '0.2521', 'num_tokens': '1.299e+07', 'mean_token_accuracy': '0.9168', 'epoch': '0.3982'}
{'loss': '0.2009', 'grad_norm': '0.2715', 'learning_rate': '0.0001601', 'entropy': '0.2213', 'num_tokens': '1.302e+07', 'mean_token_accuracy': '0.9297', 'epoch': '0.3992'}
{'loss': '0.1695', 'grad_norm': '0.1943', 'learning_rate': '0.00016', 'entropy': '0.1848', 'num_tokens': '1.305e+07', 'mean_token_accuracy': '0.9352', 'epoch': '0.4003'}
{'loss': '0.1896', 'grad_norm': '0.3164', 'learning_rate': '0.0001599', 'entropy': '0.1929', 'num_tokens': '1.309e+07', 'mean_token_accuracy': '0.9353', 'epoch': '0.4014'}
{'loss': '0.1916', 'grad_norm': '0.2402', 'learning_rate': '0.0001598', 'entropy': '0.1929', 'num_tokens': '1.312e+07', 'mean_token_accuracy': '0.9346', 'epoch': '0.4024'}
{'loss': '0.1915', 'grad_norm': '0.1572', 'learning_rate': '0.0001597', 'entropy': '0.1878', 'num_tokens': '1.316e+07', 'mean_token_accuracy': '0.936', 'epoch': '0.4035'}
{'loss': '0.2206', 'grad_norm': '0.5391', 'learning_rate': '0.0001596', 'entropy': '0.2121', 'num_tokens': '1.319e+07', 'mean_token_accuracy': '0.9346', 'epoch': '0.4045'}
{'loss': '0.2002', 'grad_norm': '0.2559', 'learning_rate': '0.0001594', 'entropy': '0.2', 'num_tokens': '1.321e+07', 'mean_token_accuracy': '0.9286', 'epoch': '0.4056'}
{'loss': '0.1671', 'grad_norm': '0.126', 'learning_rate': '0.0001593', 'entropy': '0.1849', 'num_tokens': '1.325e+07', 'mean_token_accuracy': '0.9372', 'epoch': '0.4067'}
{'loss': '0.2359', 'grad_norm': '0.1777', 'learning_rate': '0.0001592', 'entropy': '0.2399', 'num_tokens': '1.328e+07', 'mean_token_accuracy': '0.9198', 'epoch': '0.4077'}
{'loss': '0.216', 'grad_norm': '0.1602', 'learning_rate': '0.0001591', 'entropy': '0.2179', 'num_tokens': '1.332e+07', 'mean_token_accuracy': '0.9305', 'epoch': '0.4088'}
{'loss': '0.1753', 'grad_norm': '0.2656', 'learning_rate': '0.000159', 'entropy': '0.1818', 'num_tokens': '1.336e+07', 'mean_token_accuracy': '0.9429', 'epoch': '0.4099'}
{'loss': '0.2243', 'grad_norm': '0.2715', 'learning_rate': '0.0001589', 'entropy': '0.2235', 'num_tokens': '1.339e+07', 'mean_token_accuracy': '0.9266', 'epoch': '0.4109'}
{'loss': '0.2334', 'grad_norm': '0.2412', 'learning_rate': '0.0001588', 'entropy': '0.219', 'num_tokens': '1.343e+07', 'mean_token_accuracy': '0.9292', 'epoch': '0.412'}
{'loss': '0.1791', 'grad_norm': '0.3906', 'learning_rate': '0.0001587', 'entropy': '0.1918', 'num_tokens': '1.346e+07', 'mean_token_accuracy': '0.9372', 'epoch': '0.413'}
{'loss': '0.1844', 'grad_norm': '0.1504', 'learning_rate': '0.0001586', 'entropy': '0.187', 'num_tokens': '1.349e+07', 'mean_token_accuracy': '0.939', 'epoch': '0.4141'}
{'loss': '0.1975', 'grad_norm': '0.2373', 'learning_rate': '0.0001585', 'entropy': '0.192', 'num_tokens': '1.352e+07', 'mean_token_accuracy': '0.9367', 'epoch': '0.4152'}
{'loss': '0.1926', 'grad_norm': '0.2598', 'learning_rate': '0.0001584', 'entropy': '0.218', 'num_tokens': '1.354e+07', 'mean_token_accuracy': '0.9291', 'epoch': '0.4162'}
{'loss': '0.1841', 'grad_norm': '0.2393', 'learning_rate': '0.0001583', 'entropy': '0.1934', 'num_tokens': '1.357e+07', 'mean_token_accuracy': '0.9393', 'epoch': '0.4173'}
{'loss': '0.1527', 'grad_norm': '0.1738', 'learning_rate': '0.0001582', 'entropy': '0.16', 'num_tokens': '1.361e+07', 'mean_token_accuracy': '0.945', 'epoch': '0.4183'}
{'loss': '0.2517', 'grad_norm': '0.4473', 'learning_rate': '0.0001581', 'entropy': '0.244', 'num_tokens': '1.364e+07', 'mean_token_accuracy': '0.9195', 'epoch': '0.4194'}
{'loss': '0.2026', 'grad_norm': '0.165', 'learning_rate': '0.000158', 'entropy': '0.2051', 'num_tokens': '1.368e+07', 'mean_token_accuracy': '0.9327', 'epoch': '0.4205'}
{'loss': '0.2803', 'grad_norm': '0.1982', 'learning_rate': '0.0001579', 'entropy': '0.2808', 'num_tokens': '1.371e+07', 'mean_token_accuracy': '0.9078', 'epoch': '0.4215'}
{'loss': '0.195', 'grad_norm': '0.293', 'learning_rate': '0.0001578', 'entropy': '0.1825', 'num_tokens': '1.375e+07', 'mean_token_accuracy': '0.9446', 'epoch': '0.4226'}
{'loss': '0.2436', 'grad_norm': '0.2002', 'learning_rate': '0.0001576', 'entropy': '0.2575', 'num_tokens': '1.378e+07', 'mean_token_accuracy': '0.9161', 'epoch': '0.4237'}
{'loss': '0.1979', 'grad_norm': '0.1748', 'learning_rate': '0.0001575', 'entropy': '0.1848', 'num_tokens': '1.381e+07', 'mean_token_accuracy': '0.9386', 'epoch': '0.4247'}
{'loss': '0.1855', 'grad_norm': '0.2012', 'learning_rate': '0.0001574', 'entropy': '0.1758', 'num_tokens': '1.385e+07', 'mean_token_accuracy': '0.9412', 'epoch': '0.4258'}
{'loss': '0.2423', 'grad_norm': '0.2021', 'learning_rate': '0.0001573', 'entropy': '0.2173', 'num_tokens': '1.388e+07', 'mean_token_accuracy': '0.9249', 'epoch': '0.4268'}
{'loss': '0.2189', 'grad_norm': '0.2275', 'learning_rate': '0.0001572', 'entropy': '0.2029', 'num_tokens': '1.391e+07', 'mean_token_accuracy': '0.9343', 'epoch': '0.4279'}
{'loss': '0.243', 'grad_norm': '0.5742', 'learning_rate': '0.0001571', 'entropy': '0.2358', 'num_tokens': '1.394e+07', 'mean_token_accuracy': '0.9205', 'epoch': '0.429'}
{'loss': '0.1689', 'grad_norm': '0.1641', 'learning_rate': '0.000157', 'entropy': '0.1795', 'num_tokens': '1.398e+07', 'mean_token_accuracy': '0.9442', 'epoch': '0.43'}
{'loss': '0.2478', 'grad_norm': '0.1719', 'learning_rate': '0.0001569', 'entropy': '0.2253', 'num_tokens': '1.401e+07', 'mean_token_accuracy': '0.9251', 'epoch': '0.4311'}
{'loss': '0.2372', 'grad_norm': '0.1689', 'learning_rate': '0.0001568', 'entropy': '0.24', 'num_tokens': '1.404e+07', 'mean_token_accuracy': '0.9231', 'epoch': '0.4322'}
{'loss': '0.2373', 'grad_norm': '0.3652', 'learning_rate': '0.0001567', 'entropy': '0.2535', 'num_tokens': '1.407e+07', 'mean_token_accuracy': '0.9168', 'epoch': '0.4332'}
